I'm sorry, but errors were detected in your script. Please correct the
errors listed below, and try again.


File "game/script.rpy", line 288: expected 'comma or end of line' not found.
    with dissolve
    ^

Ren'Py Version: Ren'Py 7.4.4.1439
Fri May 28 09:18:20 2021
